\BOOKMARK [1][-]{section.1}{\376\377\000I\000n\000t\000r\000o\000d\000u\000\347\000\343\000o}{}% 1
\BOOKMARK [1][-]{section.2}{\376\377\000P\000r\000i\000n\000c\000\355\000p\000i\000o\000s}{}% 2
\BOOKMARK [1][-]{section.3}{\376\377\000R\000e\000f\000e\000r\000\352\000n\000c\000i\000a\000s\000\040\000e\000\040\000e\000s\000t\000a\000d\000o\000\040\000d\000a\000\040\000a\000r\000t\000e}{}% 3
\BOOKMARK [2][-]{subsection.3.1}{\376\377\000A\000p\000p\000l\000i\000c\000a\000t\000i\000v\000o\000s\000\040\000e\000x\000i\000s\000t\000e\000n\000t\000e\000s}{section.3}% 4
\BOOKMARK [2][-]{subsection.3.2}{\376\377\000T\000\351\000c\000n\000i\000c\000a\000s\000\040\000e\000x\000i\000s\000t\000e\000n\000t\000e\000s}{section.3}% 5
\BOOKMARK [2][-]{subsection.3.3}{\376\377\000R\000e\000f\000e\000r\000\352\000n\000c\000i\000a\000s\000\040\000e\000\040\000c\000o\000r\000p\000o\000\040\000t\000e\000\363\000r\000i\000c\000o}{section.3}% 6
\BOOKMARK [1][-]{section.4}{\376\377\000T\000o\000p\000o\000l\000o\000g\000i\000a\000\040\000d\000o\000\040\000p\000r\000o\000j\000e\000t\000o}{}% 7
\BOOKMARK [1][-]{section.5}{\376\377\000D\000e\000s\000e\000n\000v\000o\000l\000v\000i\000m\000e\000n\000t\000o}{}% 8
\BOOKMARK [1][-]{section.6}{\376\377\000D\000i\000\341\000r\000i\000o\000\040\000d\000e\000\040\000b\000o\000r\000d\000o}{}% 9
\BOOKMARK [2][-]{subsection.6.1}{\376\377\0001\0007\000/\0001\0002\000\040\000-\000\040\000Q\000u\000a\000r\000t\000a\000-\000f\000e\000i\000r\000a}{section.6}% 10
\BOOKMARK [2][-]{subsection.6.2}{\376\377\0001\0008\000/\0001\0002\000\040\000-\000\040\000Q\000u\000i\000n\000t\000a\000-\000f\000e\000i\000r\000a}{section.6}% 11
\BOOKMARK [2][-]{subsection.6.3}{\376\377\0001\0009\000/\0001\0002\000\040\000-\000\040\000S\000e\000x\000t\000a\000-\000f\000e\000i\000r\000a}{section.6}% 12
\BOOKMARK [2][-]{subsection.6.4}{\376\377\0002\0000\000/\0001\0002\000\040\000-\000\040\000S\000\341\000b\000a\000d\000o}{section.6}% 13
\BOOKMARK [2][-]{subsection.6.5}{\376\377\0002\0001\000/\0001\0002\000\040\000-\000\040\000D\000o\000m\000i\000n\000g\000o}{section.6}% 14
\BOOKMARK [2][-]{subsection.6.6}{\376\377\0000\0001\000/\0000\0001\000\040\000-\000\040\000Q\000u\000i\000n\000t\000a\000-\000f\000e\000i\000r\000a}{section.6}% 15
\BOOKMARK [3][-]{subsubsection.6.6.1}{\376\377\000E\000x\000p\000e\000r\000i\000m\000e\000n\000t\000o\000\040\000-\000\040\000L\000i\000s\000t\000a\000s\000\040\000v\000i\000v\000a\000s}{subsection.6.6}% 16
\BOOKMARK [3][-]{subsubsection.6.6.2}{\376\377\000C\000i\000c\000l\000o\000s}{subsection.6.6}% 17
\BOOKMARK [2][-]{subsection.6.7}{\376\377\0000\0002\000/\0000\0001\000\040\000-\000\040\000Q\000u\000i\000n\000t\000a\000-\000f\000e\000i\000r\000a}{section.6}% 18
\BOOKMARK [3][-]{subsubsection.6.7.1}{\376\377\000T\000e\000x\000t\000o\000\040\000-\000\040\000A\000\040\000f\000\355\000s\000i\000c\000a\000\040\000d\000a\000\040\000v\000i\000d\000a}{subsection.6.7}% 19
\BOOKMARK [3][-]{subsubsection.6.7.2}{\376\377\000A\000p\000l\000i\000c\000a\000\347\000\343\000o}{subsection.6.7}% 20
\BOOKMARK [3][-]{subsubsection.6.7.3}{\376\377\000P\000r\000\363\000x\000i\000m\000o\000s\000\040\000p\000a\000s\000s\000o\000s}{subsection.6.7}% 21
\BOOKMARK [3][-]{subsubsection.6.7.4}{\376\377\000C\000o\000n\000c\000l\000u\000s\000\343\000o\000\040\000d\000o\000\040\000d\000i\000a}{subsection.6.7}% 22
\BOOKMARK [2][-]{subsection.6.8}{\376\377\0001\0007\000/\0000\0001\000\040\000-\000\040\000S\000\341\000b\000a\000d\000o}{section.6}% 23
\BOOKMARK [3][-]{subsubsection.6.8.1}{\376\377\000F\000o\000c\000u\000s\000l\000a\000b\000\040\000-\000\040\000E\000s\000t\000r\000u\000t\000u\000r\000a\000\040\000d\000o\000\040\000p\000r\000o\000j\000e\000t\000o}{subsection.6.8}% 24
\BOOKMARK [3][-]{subsubsection.6.8.2}{\376\377\000F\000o\000c\000u\000s\000l\000a\000b\000\040\000-\000\040\000S\000o\000l\000u\000\347\000\343\000o\000\040\000d\000e\000\040\000d\000a\000d\000o\000s}{subsection.6.8}% 25
\BOOKMARK [3][-]{subsubsection.6.8.3}{\376\377\000F\000o\000c\000u\000s\000l\000a\000b\000\040\000-\000\040\000U\000I}{subsection.6.8}% 26
\BOOKMARK [3][-]{subsubsection.6.8.4}{\376\377\000P\000r\000i\000m\000e\000i\000r\000a\000\040\000e\000n\000t\000r\000e\000g\000a}{subsection.6.8}% 27
\BOOKMARK [2][-]{subsection.6.9}{\376\377\0001\0009\000/\0000\0001\000\040\000-\000\040\000S\000e\000g\000u\000n\000d\000a\000-\000f\000e\000i\000r\000a}{section.6}% 28
\BOOKMARK [3][-]{subsubsection.6.9.1}{\376\377\000A\000\040\000T\000e\000r\000m\000o\000d\000i\000n\000\342\000m\000i\000c\000a\000\040\000d\000a\000s\000\040\000R\000e\000v\000o\000l\000u\000\347\000\365\000e\000s}{subsection.6.9}% 29
\BOOKMARK [2][-]{subsection.6.10}{\376\377\0002\0003\000/\0000\0001\000\040\000-\000\040\000S\000e\000x\000t\000a\000-\000f\000e\000i\000r\000a}{section.6}% 30
